2024-06-13 22:56:17,659 Compiled the loaded model, but the compiled metrics have yet to be built. `model.compile_metrics` will be empty until you train or evaluate the model.
2024-06-13 22:56:17,671 Model loaded successfully from cifar10_model.h5
2024-06-13 22:56:42,882 Predictions: [[1.9561775e-02 1.9673856e-02 3.3428739e-03 1.6183236e-03 4.2683873e-04
  4.4412827e-04 2.8582938e-02 1.5669428e-02 4.3227978e-02 8.6745185e-01]]
2024-06-13 22:56:42,882 Predicted class: truck
2024-06-13 23:01:35,143 Predictions: [[7.8933847e-01 7.4236505e-02 4.7076140e-03 6.1679387e-04 1.2153167e-03
  1.1033428e-04 3.0306718e-04 1.3892866e-02 9.1496650e-03 1.0642934e-01]]
2024-06-13 23:01:35,143 Predicted class: airplane
2024-06-13 23:06:03,871 Compiled the loaded model, but the compiled metrics have yet to be built. `model.compile_metrics` will be empty until you train or evaluate the model.
2024-06-13 23:06:03,882 Model loaded successfully from cifar10_model.h5
2024-06-13 23:06:19,316 Predictions: [[0.10563443 0.00895813 0.6777637  0.03779591 0.00608134 0.0458561
  0.03435932 0.07840007 0.001976   0.00317498]]
2024-06-13 23:06:19,316 Predicted class: bird with probability 0.6777637004852295
2024-06-13 23:06:33,629 Predictions: [[7.8933847e-01 7.4236505e-02 4.7076140e-03 6.1679387e-04 1.2153167e-03
  1.1033428e-04 3.0306718e-04 1.3892866e-02 9.1496650e-03 1.0642934e-01]]
2024-06-13 23:06:33,629 Predicted class: airplane with probability 0.7893384695053101
2024-06-13 23:06:49,875 Compiled the loaded model, but the compiled metrics have yet to be built. `model.compile_metrics` will be empty until you train or evaluate the model.
2024-06-13 23:06:49,882 Model loaded successfully from cifar10_model.h5
2024-06-13 23:07:08,266 Predictions: [[0.24587749 0.02270082 0.17827868 0.14313716 0.11957835 0.04535411
  0.04733096 0.01626542 0.14113197 0.04034499]]
2024-06-13 23:07:08,266 Predicted class: airplane with probability 0.2458774894475937
2024-06-13 23:08:18,737 Predictions: [[0.10563443 0.00895813 0.6777637  0.03779591 0.00608134 0.0458561
  0.03435932 0.07840007 0.001976   0.00317498]]
2024-06-13 23:08:18,737 Predicted class: bird with probability 0.6777637004852295
2024-06-13 23:10:12,759 Predictions: [[0.81372494 0.01194944 0.03257708 0.01645651 0.01764863 0.00367055
  0.00437823 0.00082141 0.08229367 0.0164795 ]]
2024-06-13 23:10:12,759 Predicted class: airplane with probability 0.813724935054779
2024-06-13 23:16:07,918 Predictions: [[0.00509866 0.00588477 0.0032253  0.02608156 0.00148032 0.00164048
  0.26181114 0.00376137 0.00132235 0.6896941 ]]
2024-06-13 23:16:07,918 Predicted class: truck with probability 0.6896941065788269
2024-06-14 15:31:25,369 Predictions: [[0.01312985 0.00169817 0.01056651 0.00319564 0.00316121 0.00178329
  0.00102976 0.07940301 0.00220309 0.8838294 ]]
2024-06-14 15:31:25,369 Predicted class: truck with probability 0.8838294148445129
2024-06-14 15:31:41,254 Predictions: [[5.4180789e-01 4.1415668e-01 1.0213711e-03 1.3206556e-04 2.7593329e-05
  5.9951417e-06 1.4825259e-05 6.5551526e-06 3.2077935e-02 1.0749108e-02]]
2024-06-14 15:31:41,254 Predicted class: airplane with probability 0.5418078899383545
2024-06-14 15:32:06,188 Predictions: [[0.03019368 0.04432742 0.04124058 0.01118715 0.00252792 0.00956164
  0.00118938 0.0396941  0.23624273 0.5838354 ]]
2024-06-14 15:32:06,188 Predicted class: truck with probability 0.5838354229927063
2024-06-14 15:32:26,780 Predictions: [[6.9792662e-03 3.6111844e-01 6.6265650e-04 3.8905374e-03 3.2214589e-06
  6.9008600e-03 3.4316981e-03 8.8532674e-05 5.9154525e-04 6.1633319e-01]]
2024-06-14 15:32:26,781 Predicted class: truck with probability 0.6163331866264343
2024-06-14 15:32:37,541 Predictions: [[2.1664154e-02 2.7863410e-01 2.8611340e-03 7.1425585e-04 8.1500679e-05
  2.2878956e-04 2.1187168e-05 9.0056921e-05 6.9401683e-03 6.8876469e-01]]
2024-06-14 15:32:37,541 Predicted class: truck with probability 0.6887646913528442
2024-06-14 15:33:01,119 Predictions: [[3.48657672e-03 1.08963513e-06 7.34342802e-06 1.75024049e-08
  7.04564442e-08 3.70022235e-07 2.56993538e-10 9.96504307e-01
  1.69095060e-07 1.12114414e-07]]
2024-06-14 15:33:01,120 Predicted class: horse with probability 0.9965043067932129
2024-06-14 15:42:35,267 From C:\Users\user_win10_e5_13\AppData\Roaming\Python\Python311\site-packages\keras\src\losses.py:2976: The name tf.losses.sparse_softmax_cross_entropy is deprecated. Please use tf.compat.v1.losses.sparse_softmax_cross_entropy instead.

2024-06-14 15:42:36,056 From C:\Users\user_win10_e5_13\AppData\Roaming\Python\Python311\site-packages\keras\src\backend.py:1398: The name tf.executing_eagerly_outside_functions is deprecated. Please use tf.compat.v1.executing_eagerly_outside_functions instead.

2024-06-14 15:42:36,149 From C:\Users\user_win10_e5_13\AppData\Roaming\Python\Python311\site-packages\keras\src\layers\pooling\max_pooling2d.py:161: The name tf.nn.max_pool is deprecated. Please use tf.nn.max_pool2d instead.

2024-06-14 15:42:38,323 From C:\Users\user_win10_e5_13\AppData\Roaming\Python\Python311\site-packages\keras\src\optimizers\__init__.py:309: The name tf.train.Optimizer is deprecated. Please use tf.compat.v1.train.Optimizer instead.

2024-06-14 18:00:11,512 From C:\Users\user_win10_e5_13\AppData\Roaming\Python\Python311\site-packages\keras\src\losses.py:2976: The name tf.losses.sparse_softmax_cross_entropy is deprecated. Please use tf.compat.v1.losses.sparse_softmax_cross_entropy instead.

2024-06-14 18:00:12,350 From C:\Users\user_win10_e5_13\AppData\Roaming\Python\Python311\site-packages\keras\src\backend.py:1398: The name tf.executing_eagerly_outside_functions is deprecated. Please use tf.compat.v1.executing_eagerly_outside_functions instead.

2024-06-14 18:00:12,465 From C:\Users\user_win10_e5_13\AppData\Roaming\Python\Python311\site-packages\keras\src\layers\pooling\max_pooling2d.py:161: The name tf.nn.max_pool is deprecated. Please use tf.nn.max_pool2d instead.

2024-06-14 18:00:14,733 From C:\Users\user_win10_e5_13\AppData\Roaming\Python\Python311\site-packages\keras\src\optimizers\__init__.py:309: The name tf.train.Optimizer is deprecated. Please use tf.compat.v1.train.Optimizer instead.

2024-06-14 18:15:23,158 From C:\Users\user_win10_e5_13\AppData\Roaming\Python\Python311\site-packages\keras\src\losses.py:2976: The name tf.losses.sparse_softmax_cross_entropy is deprecated. Please use tf.compat.v1.losses.sparse_softmax_cross_entropy instead.

2024-06-14 18:16:03,060 From C:\Users\user_win10_e5_13\AppData\Roaming\Python\Python311\site-packages\keras\src\losses.py:2976: The name tf.losses.sparse_softmax_cross_entropy is deprecated. Please use tf.compat.v1.losses.sparse_softmax_cross_entropy instead.

2024-06-14 18:21:54,369 Compiled the loaded model, but the compiled metrics have yet to be built. `model.compile_metrics` will be empty until you train or evaluate the model.
2024-06-14 18:21:54,377 Model loaded successfully from cifar10_model.h5
2024-06-14 18:49:04,972 Predictions: [[1.01784244e-01 6.54905677e-01 3.80405845e-06 9.72405473e-07
  3.82005595e-07 1.08225834e-07 3.45234616e-06 7.92098872e-05
  2.05165908e-01 3.80563028e-02]]
2024-06-14 18:49:04,972 Predicted class: automobile with probability 0.6549056768417358
2024-06-14 21:13:33,961 Compiled the loaded model, but the compiled metrics have yet to be built. `model.compile_metrics` will be empty until you train or evaluate the model.
2024-06-14 21:13:33,967 Model loaded successfully from cifar10_model.h5
2024-06-14 22:17:50,643 From C:\QA\GoIT\DataScience_Project\venv\Lib\site-packages\keras\src\losses.py:2976: The name tf.losses.sparse_softmax_cross_entropy is deprecated. Please use tf.compat.v1.losses.sparse_softmax_cross_entropy instead.

2024-06-14 22:17:51,331 From C:\QA\GoIT\DataScience_Project\venv\Lib\site-packages\keras\src\backend.py:1398: The name tf.executing_eagerly_outside_functions is deprecated. Please use tf.compat.v1.executing_eagerly_outside_functions instead.

2024-06-14 22:17:51,493 From C:\QA\GoIT\DataScience_Project\venv\Lib\site-packages\keras\src\layers\pooling\max_pooling2d.py:161: The name tf.nn.max_pool is deprecated. Please use tf.nn.max_pool2d instead.

2024-06-14 22:17:56,673 Model loaded successfully from ResNet50_model.h5
2024-06-14 22:18:13,942 Predictions: [[0.03789973 0.01372832 0.4380604  0.19083096 0.04838604 0.02787196
  0.12546755 0.08268204 0.02244737 0.01262569]]
2024-06-14 22:18:13,942 Predicted class: bird with probability 0.4380604028701782
2024-06-14 22:18:38,036 Predictions: [[0.03036876 0.01671003 0.46380037 0.21426493 0.03857819 0.0218993
  0.1350336  0.05237778 0.01578932 0.01117777]]
2024-06-14 22:18:38,036 Predicted class: bird with probability 0.4638003706932068
2024-06-14 22:18:52,775 Predictions: [[0.02339477 0.01852967 0.5094636  0.19703536 0.03105021 0.01745618
  0.12001861 0.05452405 0.01503527 0.0134922 ]]
2024-06-14 22:18:52,775 Predicted class: bird with probability 0.5094636082649231
2024-06-14 22:19:06,973 Predictions: [[0.02880968 0.01723683 0.33452022 0.2767243  0.04625051 0.03738089
  0.18267225 0.04877666 0.01652459 0.01110415]]
2024-06-14 22:19:06,973 Predicted class: bird with probability 0.33452022075653076
2024-06-14 22:19:56,881 Predictions: [[0.02780952 0.01999299 0.44806185 0.22109601 0.03621579 0.01920641
  0.14592583 0.05269011 0.01489957 0.01410183]]
2024-06-14 22:19:56,881 Predicted class: bird with probability 0.44806185364723206
2024-06-14 22:20:28,660 Predictions: [[0.02672949 0.01847336 0.5066705  0.19754557 0.03165356 0.01673817
  0.1157369  0.05678847 0.0156984  0.01396564]]
2024-06-14 22:20:28,660 Predicted class: bird with probability 0.5066704750061035
2024-06-14 22:25:27,765 From C:\QA\GoIT\DataScience_Project\venv\Lib\site-packages\keras\src\losses.py:2976: The name tf.losses.sparse_softmax_cross_entropy is deprecated. Please use tf.compat.v1.losses.sparse_softmax_cross_entropy instead.

2024-06-14 22:25:28,113 Model file not found at ResNet50_model.h5
2024-06-16 10:31:13,605 From C:\QA\GoIT\DataScience_Project\venv\Lib\site-packages\keras\src\losses.py:2976: The name tf.losses.sparse_softmax_cross_entropy is deprecated. Please use tf.compat.v1.losses.sparse_softmax_cross_entropy instead.

2024-06-16 10:31:14,542 From C:\QA\GoIT\DataScience_Project\venv\Lib\site-packages\keras\src\backend.py:1398: The name tf.executing_eagerly_outside_functions is deprecated. Please use tf.compat.v1.executing_eagerly_outside_functions instead.

2024-06-16 10:31:14,672 From C:\QA\GoIT\DataScience_Project\venv\Lib\site-packages\keras\src\layers\pooling\max_pooling2d.py:161: The name tf.nn.max_pool is deprecated. Please use tf.nn.max_pool2d instead.

2024-06-16 10:31:18,084 Model loaded successfully from ResNet50_model.h5
2024-06-16 10:31:55,287 Predictions: [[0.07373171 0.00810548 0.18081507 0.6187326  0.0366797  0.01058094
  0.02419756 0.0056738  0.03552229 0.00596083]]
2024-06-16 10:31:55,289 Predicted class: cat with probability 0.6187325716018677
2024-06-16 10:32:15,449 Predictions: [[0.0547902  0.00606164 0.13286225 0.7020461  0.0297134  0.01346608
  0.01914921 0.00446864 0.03156408 0.00587837]]
2024-06-16 10:32:15,449 Predicted class: cat with probability 0.7020460963249207
2024-06-16 10:33:01,824 From C:\QA\GoIT\DataScience_Project\venv\Lib\site-packages\keras\src\losses.py:2976: The name tf.losses.sparse_softmax_cross_entropy is deprecated. Please use tf.compat.v1.losses.sparse_softmax_cross_entropy instead.

2024-06-16 10:33:02,580 From C:\QA\GoIT\DataScience_Project\venv\Lib\site-packages\keras\src\backend.py:1398: The name tf.executing_eagerly_outside_functions is deprecated. Please use tf.compat.v1.executing_eagerly_outside_functions instead.

2024-06-16 10:33:02,773 From C:\QA\GoIT\DataScience_Project\venv\Lib\site-packages\keras\src\layers\pooling\max_pooling2d.py:161: The name tf.nn.max_pool is deprecated. Please use tf.nn.max_pool2d instead.

2024-06-16 10:33:07,028 Model loaded successfully from ResNet50_model.h5
2024-06-16 10:33:28,996 Predictions: [[0.05295252 0.00691413 0.1959118  0.63273996 0.03270034 0.01104558
  0.02675945 0.0059799  0.02855489 0.00644139]]
2024-06-16 10:33:28,997 Predicted class: cat with probability 0.6327399611473083
2024-06-16 10:34:21,639 Predictions: [[0.07373171 0.00810548 0.18081507 0.6187326  0.0366797  0.01058094
  0.02419756 0.0056738  0.03552229 0.00596083]]
2024-06-16 10:34:21,640 Predicted class: cat with probability 0.6187325716018677
2024-06-16 10:38:13,956 Predictions: [[0.07373171 0.00810548 0.18081507 0.6187326  0.0366797  0.01058094
  0.02419756 0.0056738  0.03552229 0.00596083]]
2024-06-16 10:38:13,956 Predicted class: cat with probability 0.6187325716018677
2024-06-16 10:38:31,819 Predictions: [[0.0547902  0.00606164 0.13286225 0.7020461  0.0297134  0.01346608
  0.01914921 0.00446864 0.03156408 0.00587837]]
2024-06-16 10:38:31,819 Predicted class: cat with probability 0.7020460963249207
2024-06-16 10:39:14,939 Predictions: [[0.06198009 0.0071207  0.1969088  0.6149216  0.03529771 0.01186045
  0.02724143 0.00564553 0.03253748 0.00648616]]
2024-06-16 10:39:14,939 Predicted class: cat with probability 0.6149216294288635
2024-06-16 10:39:28,959 Predictions: [[0.0624587  0.00838832 0.25893673 0.544331   0.03820566 0.01120063
  0.03150649 0.00662101 0.03146955 0.00688185]]
2024-06-16 10:39:28,960 Predicted class: cat with probability 0.5443310141563416
2024-06-16 10:39:47,158 Predictions: [[0.06844092 0.00378002 0.0246214  0.81299907 0.02483877 0.01265316
  0.00604672 0.00236746 0.04164198 0.00261042]]
2024-06-16 10:39:47,158 Predicted class: cat with probability 0.8129990696907043
2024-06-16 10:41:01,801 Predictions: [[0.06451342 0.0067527  0.2124791  0.60395086 0.0359864  0.00958344
  0.02358928 0.00580153 0.0319134  0.00542989]]
2024-06-16 10:41:01,801 Predicted class: cat with probability 0.6039508581161499
2024-06-16 10:41:31,209 Predictions: [[0.06244817 0.00662622 0.18839683 0.6332501  0.03070964 0.01043268
  0.02538118 0.00545528 0.03152481 0.00577504]]
2024-06-16 10:41:31,209 Predicted class: cat with probability 0.6332501173019409
2024-06-16 10:42:36,214 Predictions: [[0.065184   0.00679633 0.13980818 0.6682579  0.03283552 0.01300854
  0.02043117 0.00617306 0.04153956 0.00596573]]
2024-06-16 10:42:36,214 Predicted class: cat with probability 0.6682578921318054
2024-06-16 10:42:53,201 Predictions: [[0.06997532 0.00455925 0.04393863 0.774963   0.02670002 0.00699708
  0.01109581 0.001674   0.0571025  0.00299439]]
2024-06-16 10:42:53,201 Predicted class: cat with probability 0.7749630212783813
2024-06-16 10:43:07,799 Predictions: [[0.06635943 0.00717875 0.16439062 0.64413774 0.03417306 0.01124937
  0.02448997 0.00486492 0.03690042 0.00625572]]
2024-06-16 10:43:07,799 Predicted class: cat with probability 0.6441377401351929
2024-06-16 13:37:03,880 Predictions: [[0.06064576 0.00695892 0.12833835 0.6933557  0.03400337 0.0141181
  0.0159868  0.00503611 0.03603162 0.00552533]]
2024-06-16 13:37:03,881 Predicted class: cat with probability 0.6933556795120239
2024-06-16 13:40:40,023 Predictions: [[0.06081666 0.00605532 0.17334129 0.6558397  0.03038626 0.00951792
  0.01930529 0.0053401  0.03452529 0.0048722 ]]
2024-06-16 13:40:40,023 Predicted class: cat with probability 0.6558396816253662
2024-06-16 13:40:53,222 Predictions: [[0.05633346 0.00629003 0.10975403 0.7235979  0.02936767 0.0131273
  0.018257   0.00390071 0.03365084 0.00572104]]
2024-06-16 13:40:53,222 Predicted class: cat with probability 0.7235978841781616
2024-06-16 13:41:11,261 Predictions: [[0.04600586 0.00356587 0.04202826 0.822642   0.01950545 0.0071112
  0.00722044 0.0021733  0.04778873 0.00195889]]
2024-06-16 13:41:11,261 Predicted class: cat with probability 0.8226420283317566
2024-06-16 13:47:28,745 From C:\QA\GoIT\DataScience_Project\venv\Lib\site-packages\keras\src\losses.py:2976: The name tf.losses.sparse_softmax_cross_entropy is deprecated. Please use tf.compat.v1.losses.sparse_softmax_cross_entropy instead.

2024-06-16 13:47:29,395 From C:\QA\GoIT\DataScience_Project\venv\Lib\site-packages\keras\src\backend.py:1398: The name tf.executing_eagerly_outside_functions is deprecated. Please use tf.compat.v1.executing_eagerly_outside_functions instead.

2024-06-16 13:47:29,492 From C:\QA\GoIT\DataScience_Project\venv\Lib\site-packages\keras\src\layers\pooling\max_pooling2d.py:161: The name tf.nn.max_pool is deprecated. Please use tf.nn.max_pool2d instead.

2024-06-16 13:47:32,524 Model loaded successfully from ResNet50_model.h5
2024-06-16 13:48:05,907 Predictions: [[0.0280817  0.01612663 0.43388376 0.24343449 0.03932996 0.02311156
  0.13809676 0.05139206 0.01483548 0.01170764]]
2024-06-16 13:48:05,907 Predicted class: bird with probability 0.43388375639915466
2024-06-16 13:48:14,205 Predictions: [[0.02734855 0.02026225 0.49129784 0.174194   0.03302601 0.02182822
  0.14749211 0.05237834 0.01799859 0.01417413]]
2024-06-16 13:48:14,205 Predicted class: bird with probability 0.4912978410720825
2024-06-16 13:48:26,712 Predictions: [[0.02672949 0.01847336 0.5066705  0.19754557 0.03165356 0.01673817
  0.1157369  0.05678847 0.0156984  0.01396564]]
2024-06-16 13:48:26,713 Predicted class: bird with probability 0.5066704750061035
2024-06-16 13:48:51,951 Predictions: [[0.02780952 0.01999299 0.44806185 0.22109601 0.03621579 0.01920641
  0.14592583 0.05269011 0.01489957 0.01410183]]
2024-06-16 13:48:51,951 Predicted class: bird with probability 0.44806185364723206
2024-06-16 13:49:08,433 Predictions: [[0.02775179 0.02274956 0.42572147 0.24576756 0.03353573 0.01730223
  0.14505236 0.05477505 0.01260277 0.01474154]]
2024-06-16 13:49:08,433 Predicted class: bird with probability 0.4257214665412903
2024-06-16 13:49:18,935 Predictions: [[0.02735171 0.02365348 0.4507579  0.21333261 0.03305154 0.01714109
  0.15675214 0.04935088 0.01360655 0.01500218]]
2024-06-16 13:49:18,935 Predicted class: bird with probability 0.4507578909397125
2024-06-16 13:49:26,525 Predictions: [[0.02653635 0.02647653 0.48242298 0.1964744  0.03010187 0.01481108
  0.14453658 0.05025212 0.01269397 0.01569421]]
2024-06-16 13:49:26,525 Predicted class: bird with probability 0.48242297768592834
2024-06-16 13:49:33,378 Predictions: [[0.02550555 0.01716219 0.46344846 0.21250473 0.03265193 0.02283718
  0.14454839 0.0519385  0.01663502 0.01276806]]
2024-06-16 13:49:33,379 Predicted class: bird with probability 0.4634484648704529
2024-06-16 13:50:13,744 Predictions: [[0.02715713 0.02390922 0.42437783 0.26027852 0.03480739 0.01640343
  0.13579309 0.05007564 0.01244748 0.01475025]]
2024-06-16 13:50:13,744 Predicted class: bird with probability 0.42437782883644104
2024-06-16 13:52:08,447 Predictions: [[0.02653635 0.02647653 0.48242298 0.1964744  0.03010187 0.01481108
  0.14453658 0.05025212 0.01269397 0.01569421]]
2024-06-16 13:52:08,447 Predicted class: bird with probability 0.48242297768592834
2024-06-16 13:52:19,060 Predictions: [[0.02550555 0.01716219 0.46344846 0.21250473 0.03265193 0.02283718
  0.14454839 0.0519385  0.01663502 0.01276806]]
2024-06-16 13:52:19,060 Predicted class: bird with probability 0.4634484648704529
2024-06-16 13:55:08,936 Predictions: [[0.02672949 0.01847336 0.5066705  0.19754557 0.03165356 0.01673817
  0.1157369  0.05678847 0.0156984  0.01396564]]
2024-06-16 13:55:08,936 Predicted class: bird with probability 0.5066704750061035
2024-06-16 14:35:40,910 From C:\QA\GoIT\DataScience_Project\venv\Lib\site-packages\keras\src\losses.py:2976: The name tf.losses.sparse_softmax_cross_entropy is deprecated. Please use tf.compat.v1.losses.sparse_softmax_cross_entropy instead.

2024-06-16 14:35:41,525 From C:\QA\GoIT\DataScience_Project\venv\Lib\site-packages\keras\src\backend.py:1398: The name tf.executing_eagerly_outside_functions is deprecated. Please use tf.compat.v1.executing_eagerly_outside_functions instead.

2024-06-16 14:35:41,636 From C:\QA\GoIT\DataScience_Project\venv\Lib\site-packages\keras\src\layers\pooling\max_pooling2d.py:161: The name tf.nn.max_pool is deprecated. Please use tf.nn.max_pool2d instead.

2024-06-16 14:35:44,971 Model loaded successfully from ResNet50_model.h5
2024-06-16 14:36:03,055 Predictions: [[0.065184   0.00679633 0.13980818 0.6682579  0.03283552 0.01300854
  0.02043117 0.00617306 0.04153956 0.00596573]]
2024-06-16 14:36:03,055 Predicted class: cat with probability 0.6682578921318054
2024-06-16 14:39:21,833 Predictions: [[0.065184   0.00679633 0.13980818 0.6682579  0.03283552 0.01300854
  0.02043117 0.00617306 0.04153956 0.00596573]]
2024-06-16 14:39:21,833 Predicted class: cat with probability 0.6682578921318054
2024-06-16 14:40:56,211 From C:\QA\GoIT\DataScience_Project\venv\Lib\site-packages\keras\src\losses.py:2976: The name tf.losses.sparse_softmax_cross_entropy is deprecated. Please use tf.compat.v1.losses.sparse_softmax_cross_entropy instead.

2024-06-16 14:40:56,798 From C:\QA\GoIT\DataScience_Project\venv\Lib\site-packages\keras\src\backend.py:1398: The name tf.executing_eagerly_outside_functions is deprecated. Please use tf.compat.v1.executing_eagerly_outside_functions instead.

2024-06-16 14:40:56,915 From C:\QA\GoIT\DataScience_Project\venv\Lib\site-packages\keras\src\layers\pooling\max_pooling2d.py:161: The name tf.nn.max_pool is deprecated. Please use tf.nn.max_pool2d instead.

2024-06-16 14:41:00,483 Model loaded successfully from ResNet50_model.h5
2024-06-16 14:41:25,947 Predictions: [[0.07373171 0.00810548 0.18081507 0.6187326  0.0366797  0.01058094
  0.02419756 0.0056738  0.03552229 0.00596083]]
2024-06-16 14:41:25,947 Predicted class: cat with probability 0.6187325716018677
2024-06-16 14:43:26,476 From C:\QA\GoIT\DataScience_Project\venv\Lib\site-packages\keras\src\losses.py:2976: The name tf.losses.sparse_softmax_cross_entropy is deprecated. Please use tf.compat.v1.losses.sparse_softmax_cross_entropy instead.

2024-06-16 14:43:27,001 From C:\QA\GoIT\DataScience_Project\venv\Lib\site-packages\keras\src\backend.py:1398: The name tf.executing_eagerly_outside_functions is deprecated. Please use tf.compat.v1.executing_eagerly_outside_functions instead.

2024-06-16 14:43:27,104 From C:\QA\GoIT\DataScience_Project\venv\Lib\site-packages\keras\src\layers\pooling\max_pooling2d.py:161: The name tf.nn.max_pool is deprecated. Please use tf.nn.max_pool2d instead.

2024-06-16 14:43:30,290 Model loaded successfully from ResNet50_model.h5
2024-06-16 14:43:55,606 Predictions: [[0.06451342 0.0067527  0.2124791  0.60395086 0.0359864  0.00958344
  0.02358928 0.00580153 0.0319134  0.00542989]]
2024-06-16 14:43:55,606 Predicted class: cat with probability 0.6039508581161499
2024-06-16 14:44:54,467 Predictions: [[0.07373171 0.00810548 0.18081507 0.6187326  0.0366797  0.01058094
  0.02419756 0.0056738  0.03552229 0.00596083]]
2024-06-16 14:44:54,467 Predicted class: cat with probability 0.6187325716018677
2024-06-16 14:48:17,372 From C:\QA\GoIT\DataScience_Project\venv\Lib\site-packages\keras\src\losses.py:2976: The name tf.losses.sparse_softmax_cross_entropy is deprecated. Please use tf.compat.v1.losses.sparse_softmax_cross_entropy instead.

2024-06-16 14:48:17,910 From C:\QA\GoIT\DataScience_Project\venv\Lib\site-packages\keras\src\backend.py:1398: The name tf.executing_eagerly_outside_functions is deprecated. Please use tf.compat.v1.executing_eagerly_outside_functions instead.

2024-06-16 14:48:18,010 From C:\QA\GoIT\DataScience_Project\venv\Lib\site-packages\keras\src\layers\pooling\max_pooling2d.py:161: The name tf.nn.max_pool is deprecated. Please use tf.nn.max_pool2d instead.

2024-06-16 14:48:21,179 Model loaded successfully from ResNet50_model.h5
2024-06-16 14:49:02,335 Predictions: [[0.05991839 0.00715608 0.24044622 0.57404494 0.03554738 0.01042622
  0.03028881 0.00609421 0.02978925 0.00628847]]
2024-06-16 14:49:02,335 Predicted class: cat with probability 0.574044942855835
2024-06-16 14:49:13,160 Predictions: [[0.06126438 0.00676247 0.22884922 0.5887217  0.03464033 0.01041483
  0.0292388  0.0057746  0.028294   0.00603976]]
2024-06-16 14:49:13,160 Predicted class: cat with probability 0.5887216925621033
2024-06-16 14:51:54,995 Predictions: [[0.0606244  0.0073702  0.24976364 0.5635845  0.0353245  0.01013713
  0.03049848 0.00628205 0.03026118 0.00615395]]
2024-06-16 14:51:54,995 Predicted class: cat with probability 0.5635845065116882
2024-06-16 15:03:40,587 From C:\QA\GoIT\DataScience_Project\venv\Lib\site-packages\keras\src\losses.py:2976: The name tf.losses.sparse_softmax_cross_entropy is deprecated. Please use tf.compat.v1.losses.sparse_softmax_cross_entropy instead.

2024-06-16 15:03:41,102 From C:\QA\GoIT\DataScience_Project\venv\Lib\site-packages\keras\src\backend.py:1398: The name tf.executing_eagerly_outside_functions is deprecated. Please use tf.compat.v1.executing_eagerly_outside_functions instead.

2024-06-16 15:03:41,205 From C:\QA\GoIT\DataScience_Project\venv\Lib\site-packages\keras\src\layers\pooling\max_pooling2d.py:161: The name tf.nn.max_pool is deprecated. Please use tf.nn.max_pool2d instead.

2024-06-16 15:03:44,533 Model loaded successfully from ResNet50_model.h5
2024-06-16 15:03:56,352 From C:\QA\GoIT\DataScience_Project\venv\Lib\site-packages\keras\src\losses.py:2976: The name tf.losses.sparse_softmax_cross_entropy is deprecated. Please use tf.compat.v1.losses.sparse_softmax_cross_entropy instead.

2024-06-16 15:03:57,100 From C:\QA\GoIT\DataScience_Project\venv\Lib\site-packages\keras\src\backend.py:1398: The name tf.executing_eagerly_outside_functions is deprecated. Please use tf.compat.v1.executing_eagerly_outside_functions instead.

2024-06-16 15:03:57,213 From C:\QA\GoIT\DataScience_Project\venv\Lib\site-packages\keras\src\layers\pooling\max_pooling2d.py:161: The name tf.nn.max_pool is deprecated. Please use tf.nn.max_pool2d instead.

2024-06-16 15:04:00,664 Model loaded successfully from ResNet50_model.h5
